   1              		.cpu arm7tdmi
   2              		.eabi_attribute 20, 1
   3              		.eabi_attribute 21, 1
   4              		.eabi_attribute 23, 3
   5              		.eabi_attribute 24, 1
   6              		.eabi_attribute 25, 1
   7              		.eabi_attribute 26, 1
   8              		.eabi_attribute 30, 6
   9              		.eabi_attribute 34, 0
  10              		.eabi_attribute 18, 4
  11              		.file	"function.c"
  12              		.text
  13              	.Ltext0:
  14              		.cfi_sections	.debug_frame
  15              		.bss
  16              		.align	2
  17              	square_shift:
  18 0000 00000000 		.space	4
  20              		.section	.rodata
  21              		.align	2
  22              	.LC0:
  23 0000 6B65795F 		.ascii	"key_number is too height\000"
  23      6E756D62 
  23      65722069 
  23      7320746F 
  23      6F206865 
  24              		.text
  25              		.align	2
  26              		.global	rd_key
  27              		.syntax unified
  28              		.arm
  29              		.fpu softvfp
  31              	rd_key:
  32              	.LFB17:
  33              		.file 1 "/home/reds/Desktop/ARE/hps_acquis_nombre/soft/src/function.c"
   1:/home/reds/Desktop/ARE/hps_acquis_nombre/soft/src/function.c **** /*****************************************************************************************
   2:/home/reds/Desktop/ARE/hps_acquis_nombre/soft/src/function.c **** * HEIG-VD
   3:/home/reds/Desktop/ARE/hps_acquis_nombre/soft/src/function.c ****  * Haute Ecole d'Ingenerie et de Gestion du Canton de Vaud
   4:/home/reds/Desktop/ARE/hps_acquis_nombre/soft/src/function.c ****  * School of Business and Engineering in Canton de Vaud
   5:/home/reds/Desktop/ARE/hps_acquis_nombre/soft/src/function.c ****  *****************************************************************************************
   6:/home/reds/Desktop/ARE/hps_acquis_nombre/soft/src/function.c ****  * REDS Institute
   7:/home/reds/Desktop/ARE/hps_acquis_nombre/soft/src/function.c ****  * Reconfigurable Embedded Digital Systems
   8:/home/reds/Desktop/ARE/hps_acquis_nombre/soft/src/function.c ****  *****************************************************************************************
   9:/home/reds/Desktop/ARE/hps_acquis_nombre/soft/src/function.c ****  *
  10:/home/reds/Desktop/ARE/hps_acquis_nombre/soft/src/function.c ****  * File                 : function.h
  11:/home/reds/Desktop/ARE/hps_acquis_nombre/soft/src/function.c ****  * Author               : Quentin Michon
  12:/home/reds/Desktop/ARE/hps_acquis_nombre/soft/src/function.c ****  * Date                 : 29.10.2025
  13:/home/reds/Desktop/ARE/hps_acquis_nombre/soft/src/function.c ****  *
  14:/home/reds/Desktop/ARE/hps_acquis_nombre/soft/src/function.c ****  * Context              : ARE lab03
  15:/home/reds/Desktop/ARE/hps_acquis_nombre/soft/src/function.c ****  *
  16:/home/reds/Desktop/ARE/hps_acquis_nombre/soft/src/function.c ****  *****************************************************************************************
  17:/home/reds/Desktop/ARE/hps_acquis_nombre/soft/src/function.c ****  * Brief: Header file for USER INTERFACE function
  18:/home/reds/Desktop/ARE/hps_acquis_nombre/soft/src/function.c ****  *
  19:/home/reds/Desktop/ARE/hps_acquis_nombre/soft/src/function.c ****  *****************************************************************************************
  20:/home/reds/Desktop/ARE/hps_acquis_nombre/soft/src/function.c ****  * Modifications :
  21:/home/reds/Desktop/ARE/hps_acquis_nombre/soft/src/function.c ****  * Ver    Date        Student      Comments
  22:/home/reds/Desktop/ARE/hps_acquis_nombre/soft/src/function.c ****  * 0.0    29.10.2025  QLM           Initial version.
  23:/home/reds/Desktop/ARE/hps_acquis_nombre/soft/src/function.c ****  *
  24:/home/reds/Desktop/ARE/hps_acquis_nombre/soft/src/function.c **** *****************************************************************************************/
  25:/home/reds/Desktop/ARE/hps_acquis_nombre/soft/src/function.c **** #include "function.h"
  26:/home/reds/Desktop/ARE/hps_acquis_nombre/soft/src/function.c **** 
  27:/home/reds/Desktop/ARE/hps_acquis_nombre/soft/src/function.c **** static int square_shift = 0;  // permet de savoir sur quelle ligne du carre ecrire
  28:/home/reds/Desktop/ARE/hps_acquis_nombre/soft/src/function.c **** 
  29:/home/reds/Desktop/ARE/hps_acquis_nombre/soft/src/function.c **** bool rd_key(const unsigned char key) {
  34              		.loc 1 29 0
  35              		.cfi_startproc
  36              		@ Function supports interworking.
  37              		@ args = 0, pretend = 0, frame = 8
  38              		@ frame_needed = 1, uses_anonymous_args = 0
  39 0000 00482DE9 		push	{fp, lr}
  40              		.cfi_def_cfa_offset 8
  41              		.cfi_offset 11, -8
  42              		.cfi_offset 14, -4
  43 0004 04B08DE2 		add	fp, sp, #4
  44              		.cfi_def_cfa 11, 4
  45 0008 08D04DE2 		sub	sp, sp, #8
  46 000c 0030A0E1 		mov	r3, r0
  47 0010 05304BE5 		strb	r3, [fp, #-5]
  30:/home/reds/Desktop/ARE/hps_acquis_nombre/soft/src/function.c ****     if(key > 3) {
  48              		.loc 1 30 0
  49 0014 05305BE5 		ldrb	r3, [fp, #-5]	@ zero_extendqisi2
  50 0018 030053E3 		cmp	r3, #3
  51 001c 0300009A 		bls	.L2
  31:/home/reds/Desktop/ARE/hps_acquis_nombre/soft/src/function.c ****         printf("key_number is too height");
  52              		.loc 1 31 0
  53 0020 40009FE5 		ldr	r0, .L4
  54 0024 FEFFFFEB 		bl	printf
  32:/home/reds/Desktop/ARE/hps_acquis_nombre/soft/src/function.c ****         return false;
  55              		.loc 1 32 0
  56 0028 0030A0E3 		mov	r3, #0
  57 002c 090000EA 		b	.L3
  58              	.L2:
  33:/home/reds/Desktop/ARE/hps_acquis_nombre/soft/src/function.c ****     }
  34:/home/reds/Desktop/ARE/hps_acquis_nombre/soft/src/function.c ****     return (REG_KEYS & (1 << key)) == 0;
  59              		.loc 1 34 0
  60 0030 34309FE5 		ldr	r3, .L4+4
  61 0034 003093E5 		ldr	r3, [r3]
  62 0038 05205BE5 		ldrb	r2, [fp, #-5]	@ zero_extendqisi2
  63 003c 0110A0E3 		mov	r1, #1
  64 0040 1122A0E1 		lsl	r2, r1, r2
  65 0044 023003E0 		and	r3, r3, r2
  66 0048 000053E3 		cmp	r3, #0
  67 004c 0130A003 		moveq	r3, #1
  68 0050 0030A013 		movne	r3, #0
  69 0054 FF3003E2 		and	r3, r3, #255
  70              	.L3:
  35:/home/reds/Desktop/ARE/hps_acquis_nombre/soft/src/function.c **** }
  71              		.loc 1 35 0
  72 0058 0300A0E1 		mov	r0, r3
  73 005c 04D04BE2 		sub	sp, fp, #4
  74              		.cfi_def_cfa 13, 8
  75              		@ sp needed
  76 0060 0048BDE8 		pop	{fp, lr}
  77              		.cfi_restore 14
  78              		.cfi_restore 11
  79              		.cfi_def_cfa_offset 0
  80 0064 1EFF2FE1 		bx	lr
  81              	.L5:
  82              		.align	2
  83              	.L4:
  84 0068 00000000 		.word	.LC0
  85 006c 040021FF 		.word	-14614524
  86              		.cfi_endproc
  87              	.LFE17:
  89              		.section	.rodata
  90 0019 000000   		.align	2
  91              	.LC1:
  92 001c 4B657920 		.ascii	"Key number not supported : return false by default\000"
  92      6E756D62 
  92      6572206E 
  92      6F742073 
  92      7570706F 
  93              		.text
  94              		.align	2
  95              		.global	rising_edge
  96              		.syntax unified
  97              		.arm
  98              		.fpu softvfp
 100              	rising_edge:
 101              	.LFB18:
  36:/home/reds/Desktop/ARE/hps_acquis_nombre/soft/src/function.c **** 
  37:/home/reds/Desktop/ARE/hps_acquis_nombre/soft/src/function.c **** bool rising_edge(const unsigned char key) {
 102              		.loc 1 37 0
 103              		.cfi_startproc
 104              		@ Function supports interworking.
 105              		@ args = 0, pretend = 0, frame = 16
 106              		@ frame_needed = 1, uses_anonymous_args = 0
 107 0070 00482DE9 		push	{fp, lr}
 108              		.cfi_def_cfa_offset 8
 109              		.cfi_offset 11, -8
 110              		.cfi_offset 14, -4
 111 0074 04B08DE2 		add	fp, sp, #4
 112              		.cfi_def_cfa 11, 4
 113 0078 10D04DE2 		sub	sp, sp, #16
 114 007c 0030A0E1 		mov	r3, r0
 115 0080 0D304BE5 		strb	r3, [fp, #-13]
  38:/home/reds/Desktop/ARE/hps_acquis_nombre/soft/src/function.c ****     static bool prev_key_0 = false;
  39:/home/reds/Desktop/ARE/hps_acquis_nombre/soft/src/function.c ****     static bool prev_key_1 = false;
  40:/home/reds/Desktop/ARE/hps_acquis_nombre/soft/src/function.c ****     static bool prev_key_2 = false;
  41:/home/reds/Desktop/ARE/hps_acquis_nombre/soft/src/function.c ****     static bool prev_key_3 = false;
  42:/home/reds/Desktop/ARE/hps_acquis_nombre/soft/src/function.c **** 
  43:/home/reds/Desktop/ARE/hps_acquis_nombre/soft/src/function.c ****     bool rise;
  44:/home/reds/Desktop/ARE/hps_acquis_nombre/soft/src/function.c **** 
  45:/home/reds/Desktop/ARE/hps_acquis_nombre/soft/src/function.c ****     bool current = rd_key(key);
 116              		.loc 1 45 0
 117 0084 0D305BE5 		ldrb	r3, [fp, #-13]	@ zero_extendqisi2
 118 0088 0300A0E1 		mov	r0, r3
 119 008c FEFFFFEB 		bl	rd_key
 120 0090 0030A0E1 		mov	r3, r0
 121 0094 06304BE5 		strb	r3, [fp, #-6]
  46:/home/reds/Desktop/ARE/hps_acquis_nombre/soft/src/function.c **** 
  47:/home/reds/Desktop/ARE/hps_acquis_nombre/soft/src/function.c ****     switch(key) {
 122              		.loc 1 47 0
 123 0098 0D305BE5 		ldrb	r3, [fp, #-13]	@ zero_extendqisi2
 124 009c 030053E3 		cmp	r3, #3
 125 00a0 03F19F97 		ldrls	pc, [pc, r3, asl #2]
 126 00a4 530000EA 		b	.L7
 127              	.L9:
 128 00a8 B8000000 		.word	.L8
 129 00ac 08010000 		.word	.L10
 130 00b0 58010000 		.word	.L11
 131 00b4 A8010000 		.word	.L12
 132              	.L8:
  48:/home/reds/Desktop/ARE/hps_acquis_nombre/soft/src/function.c ****         case 0:
  49:/home/reds/Desktop/ARE/hps_acquis_nombre/soft/src/function.c ****             rise = (!prev_key_0 && current);
 133              		.loc 1 49 0
 134 00b8 5C319FE5 		ldr	r3, .L23
 135 00bc 0030D3E5 		ldrb	r3, [r3]	@ zero_extendqisi2
 136 00c0 013023E2 		eor	r3, r3, #1
 137 00c4 FF3003E2 		and	r3, r3, #255
 138 00c8 000053E3 		cmp	r3, #0
 139 00cc 0400000A 		beq	.L13
 140              		.loc 1 49 0 is_stmt 0 discriminator 1
 141 00d0 06305BE5 		ldrb	r3, [fp, #-6]	@ zero_extendqisi2
 142 00d4 000053E3 		cmp	r3, #0
 143 00d8 0100000A 		beq	.L13
 144              		.loc 1 49 0 discriminator 3
 145 00dc 0130A0E3 		mov	r3, #1
 146 00e0 000000EA 		b	.L14
 147              	.L13:
 148              		.loc 1 49 0 discriminator 4
 149 00e4 0030A0E3 		mov	r3, #0
 150              	.L14:
 151              		.loc 1 49 0 discriminator 6
 152 00e8 05304BE5 		strb	r3, [fp, #-5]
 153 00ec 05305BE5 		ldrb	r3, [fp, #-5]
 154 00f0 013003E2 		and	r3, r3, #1
 155 00f4 05304BE5 		strb	r3, [fp, #-5]
  50:/home/reds/Desktop/ARE/hps_acquis_nombre/soft/src/function.c ****             prev_key_0 = current;
 156              		.loc 1 50 0 is_stmt 1 discriminator 6
 157 00f8 1C219FE5 		ldr	r2, .L23
 158 00fc 06305BE5 		ldrb	r3, [fp, #-6]
 159 0100 0030C2E5 		strb	r3, [r2]
  51:/home/reds/Desktop/ARE/hps_acquis_nombre/soft/src/function.c ****             break;
 160              		.loc 1 51 0 discriminator 6
 161 0104 3F0000EA 		b	.L15
 162              	.L10:
  52:/home/reds/Desktop/ARE/hps_acquis_nombre/soft/src/function.c ****         case 1:
  53:/home/reds/Desktop/ARE/hps_acquis_nombre/soft/src/function.c ****             rise = (!prev_key_1 && current);
 163              		.loc 1 53 0
 164 0108 10319FE5 		ldr	r3, .L23+4
 165 010c 0030D3E5 		ldrb	r3, [r3]	@ zero_extendqisi2
 166 0110 013023E2 		eor	r3, r3, #1
 167 0114 FF3003E2 		and	r3, r3, #255
 168 0118 000053E3 		cmp	r3, #0
 169 011c 0400000A 		beq	.L16
 170              		.loc 1 53 0 is_stmt 0 discriminator 1
 171 0120 06305BE5 		ldrb	r3, [fp, #-6]	@ zero_extendqisi2
 172 0124 000053E3 		cmp	r3, #0
 173 0128 0100000A 		beq	.L16
 174              		.loc 1 53 0 discriminator 3
 175 012c 0130A0E3 		mov	r3, #1
 176 0130 000000EA 		b	.L17
 177              	.L16:
 178              		.loc 1 53 0 discriminator 4
 179 0134 0030A0E3 		mov	r3, #0
 180              	.L17:
 181              		.loc 1 53 0 discriminator 6
 182 0138 05304BE5 		strb	r3, [fp, #-5]
 183 013c 05305BE5 		ldrb	r3, [fp, #-5]
 184 0140 013003E2 		and	r3, r3, #1
 185 0144 05304BE5 		strb	r3, [fp, #-5]
  54:/home/reds/Desktop/ARE/hps_acquis_nombre/soft/src/function.c ****             prev_key_1 = current;
 186              		.loc 1 54 0 is_stmt 1 discriminator 6
 187 0148 D0209FE5 		ldr	r2, .L23+4
 188 014c 06305BE5 		ldrb	r3, [fp, #-6]
 189 0150 0030C2E5 		strb	r3, [r2]
  55:/home/reds/Desktop/ARE/hps_acquis_nombre/soft/src/function.c ****             break;
 190              		.loc 1 55 0 discriminator 6
 191 0154 2B0000EA 		b	.L15
 192              	.L11:
  56:/home/reds/Desktop/ARE/hps_acquis_nombre/soft/src/function.c ****         case 2:
  57:/home/reds/Desktop/ARE/hps_acquis_nombre/soft/src/function.c ****             rise = (!prev_key_2 && current);
 193              		.loc 1 57 0
 194 0158 C4309FE5 		ldr	r3, .L23+8
 195 015c 0030D3E5 		ldrb	r3, [r3]	@ zero_extendqisi2
 196 0160 013023E2 		eor	r3, r3, #1
 197 0164 FF3003E2 		and	r3, r3, #255
 198 0168 000053E3 		cmp	r3, #0
 199 016c 0400000A 		beq	.L18
 200              		.loc 1 57 0 is_stmt 0 discriminator 1
 201 0170 06305BE5 		ldrb	r3, [fp, #-6]	@ zero_extendqisi2
 202 0174 000053E3 		cmp	r3, #0
 203 0178 0100000A 		beq	.L18
 204              		.loc 1 57 0 discriminator 3
 205 017c 0130A0E3 		mov	r3, #1
 206 0180 000000EA 		b	.L19
 207              	.L18:
 208              		.loc 1 57 0 discriminator 4
 209 0184 0030A0E3 		mov	r3, #0
 210              	.L19:
 211              		.loc 1 57 0 discriminator 6
 212 0188 05304BE5 		strb	r3, [fp, #-5]
 213 018c 05305BE5 		ldrb	r3, [fp, #-5]
 214 0190 013003E2 		and	r3, r3, #1
 215 0194 05304BE5 		strb	r3, [fp, #-5]
  58:/home/reds/Desktop/ARE/hps_acquis_nombre/soft/src/function.c ****             prev_key_2 = current;
 216              		.loc 1 58 0 is_stmt 1 discriminator 6
 217 0198 84209FE5 		ldr	r2, .L23+8
 218 019c 06305BE5 		ldrb	r3, [fp, #-6]
 219 01a0 0030C2E5 		strb	r3, [r2]
  59:/home/reds/Desktop/ARE/hps_acquis_nombre/soft/src/function.c ****             break;
 220              		.loc 1 59 0 discriminator 6
 221 01a4 170000EA 		b	.L15
 222              	.L12:
  60:/home/reds/Desktop/ARE/hps_acquis_nombre/soft/src/function.c ****         case 3:
  61:/home/reds/Desktop/ARE/hps_acquis_nombre/soft/src/function.c ****             rise = (!prev_key_3 && current);
 223              		.loc 1 61 0
 224 01a8 78309FE5 		ldr	r3, .L23+12
 225 01ac 0030D3E5 		ldrb	r3, [r3]	@ zero_extendqisi2
 226 01b0 013023E2 		eor	r3, r3, #1
 227 01b4 FF3003E2 		and	r3, r3, #255
 228 01b8 000053E3 		cmp	r3, #0
 229 01bc 0400000A 		beq	.L20
 230              		.loc 1 61 0 is_stmt 0 discriminator 1
 231 01c0 06305BE5 		ldrb	r3, [fp, #-6]	@ zero_extendqisi2
 232 01c4 000053E3 		cmp	r3, #0
 233 01c8 0100000A 		beq	.L20
 234              		.loc 1 61 0 discriminator 3
 235 01cc 0130A0E3 		mov	r3, #1
 236 01d0 000000EA 		b	.L21
 237              	.L20:
 238              		.loc 1 61 0 discriminator 4
 239 01d4 0030A0E3 		mov	r3, #0
 240              	.L21:
 241              		.loc 1 61 0 discriminator 6
 242 01d8 05304BE5 		strb	r3, [fp, #-5]
 243 01dc 05305BE5 		ldrb	r3, [fp, #-5]
 244 01e0 013003E2 		and	r3, r3, #1
 245 01e4 05304BE5 		strb	r3, [fp, #-5]
  62:/home/reds/Desktop/ARE/hps_acquis_nombre/soft/src/function.c ****             prev_key_3 = current;
 246              		.loc 1 62 0 is_stmt 1 discriminator 6
 247 01e8 38209FE5 		ldr	r2, .L23+12
 248 01ec 06305BE5 		ldrb	r3, [fp, #-6]
 249 01f0 0030C2E5 		strb	r3, [r2]
  63:/home/reds/Desktop/ARE/hps_acquis_nombre/soft/src/function.c ****             break;
 250              		.loc 1 63 0 discriminator 6
 251 01f4 030000EA 		b	.L15
 252              	.L7:
  64:/home/reds/Desktop/ARE/hps_acquis_nombre/soft/src/function.c ****         default:
  65:/home/reds/Desktop/ARE/hps_acquis_nombre/soft/src/function.c ****             rise = false;
 253              		.loc 1 65 0
 254 01f8 0030A0E3 		mov	r3, #0
 255 01fc 05304BE5 		strb	r3, [fp, #-5]
  66:/home/reds/Desktop/ARE/hps_acquis_nombre/soft/src/function.c ****             printf("Key number not supported : return false by default\n");
 256              		.loc 1 66 0
 257 0200 24009FE5 		ldr	r0, .L23+16
 258 0204 FEFFFFEB 		bl	puts
 259              	.L15:
  67:/home/reds/Desktop/ARE/hps_acquis_nombre/soft/src/function.c ****     }
  68:/home/reds/Desktop/ARE/hps_acquis_nombre/soft/src/function.c **** 
  69:/home/reds/Desktop/ARE/hps_acquis_nombre/soft/src/function.c ****     return rise;
 260              		.loc 1 69 0
 261 0208 05305BE5 		ldrb	r3, [fp, #-5]	@ zero_extendqisi2
  70:/home/reds/Desktop/ARE/hps_acquis_nombre/soft/src/function.c **** }
 262              		.loc 1 70 0
 263 020c 0300A0E1 		mov	r0, r3
 264 0210 04D04BE2 		sub	sp, fp, #4
 265              		.cfi_def_cfa 13, 8
 266              		@ sp needed
 267 0214 0048BDE8 		pop	{fp, lr}
 268              		.cfi_restore 14
 269              		.cfi_restore 11
 270              		.cfi_def_cfa_offset 0
 271 0218 1EFF2FE1 		bx	lr
 272              	.L24:
 273              		.align	2
 274              	.L23:
 275 021c 04000000 		.word	prev_key_0.5221
 276 0220 05000000 		.word	prev_key_1.5222
 277 0224 06000000 		.word	prev_key_2.5223
 278 0228 07000000 		.word	prev_key_3.5224
 279 022c 1C000000 		.word	.LC1
 280              		.cfi_endproc
 281              	.LFE18:
 283              		.align	2
 284              		.global	rd_switch
 285              		.syntax unified
 286              		.arm
 287              		.fpu softvfp
 289              	rd_switch:
 290              	.LFB19:
  71:/home/reds/Desktop/ARE/hps_acquis_nombre/soft/src/function.c **** 
  72:/home/reds/Desktop/ARE/hps_acquis_nombre/soft/src/function.c **** word_t rd_switch(const word_t mask) {
 291              		.loc 1 72 0
 292              		.cfi_startproc
 293              		@ Function supports interworking.
 294              		@ args = 0, pretend = 0, frame = 8
 295              		@ frame_needed = 1, uses_anonymous_args = 0
 296              		@ link register save eliminated.
 297 0230 04B02DE5 		str	fp, [sp, #-4]!
 298              		.cfi_def_cfa_offset 4
 299              		.cfi_offset 11, -4
 300 0234 00B08DE2 		add	fp, sp, #0
 301              		.cfi_def_cfa_register 11
 302 0238 0CD04DE2 		sub	sp, sp, #12
 303 023c 08000BE5 		str	r0, [fp, #-8]
  73:/home/reds/Desktop/ARE/hps_acquis_nombre/soft/src/function.c ****     return (REG_SWITCHES & mask);
 304              		.loc 1 73 0
 305 0240 18309FE5 		ldr	r3, .L27
 306 0244 002093E5 		ldr	r2, [r3]
 307 0248 08301BE5 		ldr	r3, [fp, #-8]
 308 024c 023003E0 		and	r3, r3, r2
  74:/home/reds/Desktop/ARE/hps_acquis_nombre/soft/src/function.c **** }
 309              		.loc 1 74 0
 310 0250 0300A0E1 		mov	r0, r3
 311 0254 00D04BE2 		sub	sp, fp, #0
 312              		.cfi_def_cfa_register 13
 313              		@ sp needed
 314 0258 04B09DE4 		ldr	fp, [sp], #4
 315              		.cfi_restore 11
 316              		.cfi_def_cfa_offset 0
 317 025c 1EFF2FE1 		bx	lr
 318              	.L28:
 319              		.align	2
 320              	.L27:
 321 0260 080021FF 		.word	-14614520
 322              		.cfi_endproc
 323              	.LFE19:
 325              		.align	2
 326              		.global	wr_leds_soc
 327              		.syntax unified
 328              		.arm
 329              		.fpu softvfp
 331              	wr_leds_soc:
 332              	.LFB20:
  75:/home/reds/Desktop/ARE/hps_acquis_nombre/soft/src/function.c **** 
  76:/home/reds/Desktop/ARE/hps_acquis_nombre/soft/src/function.c **** void wr_leds_soc(const word_t leds_data) {
 333              		.loc 1 76 0
 334              		.cfi_startproc
 335              		@ Function supports interworking.
 336              		@ args = 0, pretend = 0, frame = 8
 337              		@ frame_needed = 1, uses_anonymous_args = 0
 338              		@ link register save eliminated.
 339 0264 04B02DE5 		str	fp, [sp, #-4]!
 340              		.cfi_def_cfa_offset 4
 341              		.cfi_offset 11, -4
 342 0268 00B08DE2 		add	fp, sp, #0
 343              		.cfi_def_cfa_register 11
 344 026c 0CD04DE2 		sub	sp, sp, #12
 345 0270 08000BE5 		str	r0, [fp, #-8]
  77:/home/reds/Desktop/ARE/hps_acquis_nombre/soft/src/function.c ****     REG_LEDS_SOC = (REG_LEDS_SOC & ~MASK_LEDS_SOC) | leds_data; // permet de ne pas modifier les au
 346              		.loc 1 77 0
 347 0274 28109FE5 		ldr	r1, .L30
 348 0278 24309FE5 		ldr	r3, .L30
 349 027c 003093E5 		ldr	r3, [r3]
 350 0280 FF3FC3E3 		bic	r3, r3, #1020
 351 0284 0330C3E3 		bic	r3, r3, #3
 352 0288 08201BE5 		ldr	r2, [fp, #-8]
 353 028c 023083E1 		orr	r3, r3, r2
 354 0290 003081E5 		str	r3, [r1]
  78:/home/reds/Desktop/ARE/hps_acquis_nombre/soft/src/function.c **** }
 355              		.loc 1 78 0
 356 0294 0000A0E1 		nop
 357 0298 00D04BE2 		sub	sp, fp, #0
 358              		.cfi_def_cfa_register 13
 359              		@ sp needed
 360 029c 04B09DE4 		ldr	fp, [sp], #4
 361              		.cfi_restore 11
 362              		.cfi_def_cfa_offset 0
 363 02a0 1EFF2FE1 		bx	lr
 364              	.L31:
 365              		.align	2
 366              	.L30:
 367 02a4 0C0021FF 		.word	-14614516
 368              		.cfi_endproc
 369              	.LFE20:
 371              		.align	2
 372              		.global	rd_keys_0_1
 373              		.syntax unified
 374              		.arm
 375              		.fpu softvfp
 377              	rd_keys_0_1:
 378              	.LFB21:
  79:/home/reds/Desktop/ARE/hps_acquis_nombre/soft/src/function.c **** 
  80:/home/reds/Desktop/ARE/hps_acquis_nombre/soft/src/function.c **** int rd_keys_0_1() {
 379              		.loc 1 80 0
 380              		.cfi_startproc
 381              		@ Function supports interworking.
 382              		@ args = 0, pretend = 0, frame = 0
 383              		@ frame_needed = 1, uses_anonymous_args = 0
 384              		@ link register save eliminated.
 385 02a8 04B02DE5 		str	fp, [sp, #-4]!
 386              		.cfi_def_cfa_offset 4
 387              		.cfi_offset 11, -4
 388 02ac 00B08DE2 		add	fp, sp, #0
 389              		.cfi_def_cfa_register 11
  81:/home/reds/Desktop/ARE/hps_acquis_nombre/soft/src/function.c ****     return (int) (REG_KEYS & 0x3) ^ 0x3;
 390              		.loc 1 81 0
 391 02b0 18309FE5 		ldr	r3, .L34
 392 02b4 003093E5 		ldr	r3, [r3]
 393 02b8 0330E0E1 		mvn	r3, r3
 394 02bc 033003E2 		and	r3, r3, #3
  82:/home/reds/Desktop/ARE/hps_acquis_nombre/soft/src/function.c **** }
 395              		.loc 1 82 0
 396 02c0 0300A0E1 		mov	r0, r3
 397 02c4 00D04BE2 		sub	sp, fp, #0
 398              		.cfi_def_cfa_register 13
 399              		@ sp needed
 400 02c8 04B09DE4 		ldr	fp, [sp], #4
 401              		.cfi_restore 11
 402              		.cfi_def_cfa_offset 0
 403 02cc 1EFF2FE1 		bx	lr
 404              	.L35:
 405              		.align	2
 406              	.L34:
 407 02d0 040021FF 		.word	-14614524
 408              		.cfi_endproc
 409              	.LFE21:
 411              		.section	.rodata
 412 004f 00       		.align	2
 413              	.LC2:
 414 0050 6572726F 		.ascii	"error : max10 zone not valid\000"
 414      72203A20 
 414      6D617831 
 414      30207A6F 
 414      6E65206E 
 415              		.text
 416              		.align	2
 417              		.global	wr_max10_leds
 418              		.syntax unified
 419              		.arm
 420              		.fpu softvfp
 422              	wr_max10_leds:
 423              	.LFB22:
  83:/home/reds/Desktop/ARE/hps_acquis_nombre/soft/src/function.c **** 
  84:/home/reds/Desktop/ARE/hps_acquis_nombre/soft/src/function.c **** void wr_max10_leds(const word_t leds_data, const sel_t zone, const bool square_full) {
 424              		.loc 1 84 0
 425              		.cfi_startproc
 426              		@ Function supports interworking.
 427              		@ args = 0, pretend = 0, frame = 8
 428              		@ frame_needed = 1, uses_anonymous_args = 0
 429 02d4 00482DE9 		push	{fp, lr}
 430              		.cfi_def_cfa_offset 8
 431              		.cfi_offset 11, -8
 432              		.cfi_offset 14, -4
 433 02d8 04B08DE2 		add	fp, sp, #4
 434              		.cfi_def_cfa 11, 4
 435 02dc 08D04DE2 		sub	sp, sp, #8
 436 02e0 08000BE5 		str	r0, [fp, #-8]
 437 02e4 0130A0E1 		mov	r3, r1
 438 02e8 09304BE5 		strb	r3, [fp, #-9]
 439 02ec 0230A0E1 		mov	r3, r2
 440 02f0 0A304BE5 		strb	r3, [fp, #-10]
  85:/home/reds/Desktop/ARE/hps_acquis_nombre/soft/src/function.c **** 	if(FLG_WE) {
 441              		.loc 1 85 0
 442 02f4 E8309FE5 		ldr	r3, .L47
 443 02f8 003093E5 		ldr	r3, [r3]
 444 02fc 013003E2 		and	r3, r3, #1
 445 0300 000053E3 		cmp	r3, #0
 446 0304 3200000A 		beq	.L46
  86:/home/reds/Desktop/ARE/hps_acquis_nombre/soft/src/function.c **** 		switch (zone) {
 447              		.loc 1 86 0
 448 0308 09305BE5 		ldrb	r3, [fp, #-9]	@ zero_extendqisi2
 449 030c 030053E3 		cmp	r3, #3
 450 0310 03F19F97 		ldrls	pc, [pc, r3, asl #2]
 451 0314 2B0000EA 		b	.L38
 452              	.L40:
 453 0318 28030000 		.word	.L39
 454 031c 38030000 		.word	.L41
 455 0320 48030000 		.word	.L42
 456 0324 58030000 		.word	.L43
 457              	.L39:
  87:/home/reds/Desktop/ARE/hps_acquis_nombre/soft/src/function.c **** 		    case SEL_00:
  88:/home/reds/Desktop/ARE/hps_acquis_nombre/soft/src/function.c **** 		        REG_DATA_00 = leds_data;
 458              		.loc 1 88 0
 459 0328 B8209FE5 		ldr	r2, .L47+4
 460 032c 08301BE5 		ldr	r3, [fp, #-8]
 461 0330 003082E5 		str	r3, [r2]
  89:/home/reds/Desktop/ARE/hps_acquis_nombre/soft/src/function.c **** 		        break;
 462              		.loc 1 89 0
 463 0334 260000EA 		b	.L37
 464              	.L41:
  90:/home/reds/Desktop/ARE/hps_acquis_nombre/soft/src/function.c **** 		    case SEL_01:
  91:/home/reds/Desktop/ARE/hps_acquis_nombre/soft/src/function.c **** 		        REG_DATA_01 = leds_data;
 465              		.loc 1 91 0
 466 0338 AC209FE5 		ldr	r2, .L47+8
 467 033c 08301BE5 		ldr	r3, [fp, #-8]
 468 0340 003082E5 		str	r3, [r2]
  92:/home/reds/Desktop/ARE/hps_acquis_nombre/soft/src/function.c **** 		        break;
 469              		.loc 1 92 0
 470 0344 220000EA 		b	.L37
 471              	.L42:
  93:/home/reds/Desktop/ARE/hps_acquis_nombre/soft/src/function.c **** 		    case SEL_10:
  94:/home/reds/Desktop/ARE/hps_acquis_nombre/soft/src/function.c **** 		        REG_DATA_10 = leds_data;
 472              		.loc 1 94 0
 473 0348 A0209FE5 		ldr	r2, .L47+12
 474 034c 08301BE5 		ldr	r3, [fp, #-8]
 475 0350 003082E5 		str	r3, [r2]
  95:/home/reds/Desktop/ARE/hps_acquis_nombre/soft/src/function.c **** 		        break;
 476              		.loc 1 95 0
 477 0354 1E0000EA 		b	.L37
 478              	.L43:
  96:/home/reds/Desktop/ARE/hps_acquis_nombre/soft/src/function.c **** 		    case SEL_11:
  97:/home/reds/Desktop/ARE/hps_acquis_nombre/soft/src/function.c **** 		    	if(square_full) {
 479              		.loc 1 97 0
 480 0358 0A305BE5 		ldrb	r3, [fp, #-10]	@ zero_extendqisi2
 481 035c 000053E3 		cmp	r3, #0
 482 0360 0300000A 		beq	.L44
  98:/home/reds/Desktop/ARE/hps_acquis_nombre/soft/src/function.c **** 		    		// ecrit sur les 25 leds du carre
  99:/home/reds/Desktop/ARE/hps_acquis_nombre/soft/src/function.c **** 		    		REG_DATA_11 = leds_data;
 483              		.loc 1 99 0
 484 0364 88209FE5 		ldr	r2, .L47+16
 485 0368 08301BE5 		ldr	r3, [fp, #-8]
 486 036c 003082E5 		str	r3, [r2]
 100:/home/reds/Desktop/ARE/hps_acquis_nombre/soft/src/function.c **** 		    	} else {
 101:/home/reds/Desktop/ARE/hps_acquis_nombre/soft/src/function.c **** 		    		// recopie uniquement les switchs 7 a 0
 102:/home/reds/Desktop/ARE/hps_acquis_nombre/soft/src/function.c **** 		    		// en prenant compte du decallage enregistre
 103:/home/reds/Desktop/ARE/hps_acquis_nombre/soft/src/function.c **** 		    		REG_DATA_11 = ROL(leds_data, square_shift);
 104:/home/reds/Desktop/ARE/hps_acquis_nombre/soft/src/function.c **** 		    	}
 105:/home/reds/Desktop/ARE/hps_acquis_nombre/soft/src/function.c **** 		        break;
 487              		.loc 1 105 0
 488 0370 170000EA 		b	.L37
 489              	.L44:
 103:/home/reds/Desktop/ARE/hps_acquis_nombre/soft/src/function.c **** 		    	}
 490              		.loc 1 103 0
 491 0374 78009FE5 		ldr	r0, .L47+16
 492 0378 78309FE5 		ldr	r3, .L47+20
 493 037c 002093E5 		ldr	r2, [r3]
 494 0380 0230A0E1 		mov	r3, r2
 495 0384 0331A0E1 		lsl	r3, r3, #2
 496 0388 023083E0 		add	r3, r3, r2
 497 038c 08201BE5 		ldr	r2, [fp, #-8]
 498 0390 1213A0E1 		lsl	r1, r2, r3
 499 0394 5C309FE5 		ldr	r3, .L47+20
 500 0398 002093E5 		ldr	r2, [r3]
 501 039c 0230A0E1 		mov	r3, r2
 502 03a0 033FA0E1 		lsl	r3, r3, #30
 503 03a4 023043E0 		sub	r3, r3, r2
 504 03a8 0331A0E1 		lsl	r3, r3, #2
 505 03ac 023043E0 		sub	r3, r3, r2
 506 03b0 193083E2 		add	r3, r3, #25
 507 03b4 08201BE5 		ldr	r2, [fp, #-8]
 508 03b8 3233A0E1 		lsr	r3, r2, r3
 509 03bc 033081E1 		orr	r3, r1, r3
 510 03c0 003080E5 		str	r3, [r0]
 511              		.loc 1 105 0
 512 03c4 020000EA 		b	.L37
 513              	.L38:
 106:/home/reds/Desktop/ARE/hps_acquis_nombre/soft/src/function.c **** 		    default:
 107:/home/reds/Desktop/ARE/hps_acquis_nombre/soft/src/function.c **** 		        printf("error : max10 zone not valid\n");
 514              		.loc 1 107 0
 515 03c8 2C009FE5 		ldr	r0, .L47+24
 516 03cc FEFFFFEB 		bl	puts
 108:/home/reds/Desktop/ARE/hps_acquis_nombre/soft/src/function.c **** 		}
 109:/home/reds/Desktop/ARE/hps_acquis_nombre/soft/src/function.c **** 	}
 110:/home/reds/Desktop/ARE/hps_acquis_nombre/soft/src/function.c **** }
 517              		.loc 1 110 0
 518 03d0 FFFFFFEA 		b	.L46
 519              	.L37:
 520              	.L46:
 521 03d4 0000A0E1 		nop
 522 03d8 04D04BE2 		sub	sp, fp, #4
 523              		.cfi_def_cfa 13, 8
 524              		@ sp needed
 525 03dc 0048BDE8 		pop	{fp, lr}
 526              		.cfi_restore 14
 527              		.cfi_restore 11
 528              		.cfi_def_cfa_offset 0
 529 03e0 1EFF2FE1 		bx	lr
 530              	.L48:
 531              		.align	2
 532              	.L47:
 533 03e4 200021FF 		.word	-14614496
 534 03e8 100021FF 		.word	-14614512
 535 03ec 140021FF 		.word	-14614508
 536 03f0 180021FF 		.word	-14614504
 537 03f4 1C0021FF 		.word	-14614500
 538 03f8 00000000 		.word	square_shift
 539 03fc 50000000 		.word	.LC2
 540              		.cfi_endproc
 541              	.LFE22:
 543              		.align	2
 544              		.global	shift_square
 545              		.syntax unified
 546              		.arm
 547              		.fpu softvfp
 549              	shift_square:
 550              	.LFB23:
 111:/home/reds/Desktop/ARE/hps_acquis_nombre/soft/src/function.c **** 
 112:/home/reds/Desktop/ARE/hps_acquis_nombre/soft/src/function.c **** void shift_square() {
 551              		.loc 1 112 0
 552              		.cfi_startproc
 553              		@ Function supports interworking.
 554              		@ args = 0, pretend = 0, frame = 0
 555              		@ frame_needed = 1, uses_anonymous_args = 0
 556              		@ link register save eliminated.
 557 0400 04B02DE5 		str	fp, [sp, #-4]!
 558              		.cfi_def_cfa_offset 4
 559              		.cfi_offset 11, -4
 560 0404 00B08DE2 		add	fp, sp, #0
 561              		.cfi_def_cfa_register 11
 113:/home/reds/Desktop/ARE/hps_acquis_nombre/soft/src/function.c **** 	square_shift = (square_shift + 1) % 5;
 562              		.loc 1 113 0
 563 0408 40309FE5 		ldr	r3, .L50
 564 040c 003093E5 		ldr	r3, [r3]
 565 0410 011083E2 		add	r1, r3, #1
 566 0414 38309FE5 		ldr	r3, .L50+4
 567 0418 9123C3E0 		smull	r2, r3, r1, r3
 568 041c C320A0E1 		asr	r2, r3, #1
 569 0420 C13FA0E1 		asr	r3, r1, #31
 570 0424 032042E0 		sub	r2, r2, r3
 571 0428 0230A0E1 		mov	r3, r2
 572 042c 0331A0E1 		lsl	r3, r3, #2
 573 0430 023083E0 		add	r3, r3, r2
 574 0434 032041E0 		sub	r2, r1, r3
 575 0438 10309FE5 		ldr	r3, .L50
 576 043c 002083E5 		str	r2, [r3]
 114:/home/reds/Desktop/ARE/hps_acquis_nombre/soft/src/function.c **** }
 577              		.loc 1 114 0
 578 0440 0000A0E1 		nop
 579 0444 00D04BE2 		sub	sp, fp, #0
 580              		.cfi_def_cfa_register 13
 581              		@ sp needed
 582 0448 04B09DE4 		ldr	fp, [sp], #4
 583              		.cfi_restore 11
 584              		.cfi_def_cfa_offset 0
 585 044c 1EFF2FE1 		bx	lr
 586              	.L51:
 587              		.align	2
 588              	.L50:
 589 0450 00000000 		.word	square_shift
 590 0454 67666666 		.word	1717986919
 591              		.cfi_endproc
 592              	.LFE23:
 594              		.align	2
 595              		.global	wr_max10_leds_off
 596              		.syntax unified
 597              		.arm
 598              		.fpu softvfp
 600              	wr_max10_leds_off:
 601              	.LFB24:
 115:/home/reds/Desktop/ARE/hps_acquis_nombre/soft/src/function.c **** 
 116:/home/reds/Desktop/ARE/hps_acquis_nombre/soft/src/function.c **** 
 117:/home/reds/Desktop/ARE/hps_acquis_nombre/soft/src/function.c **** void wr_max10_leds_off() {
 602              		.loc 1 117 0
 603              		.cfi_startproc
 604              		@ Function supports interworking.
 605              		@ args = 0, pretend = 0, frame = 0
 606              		@ frame_needed = 1, uses_anonymous_args = 0
 607 0458 00482DE9 		push	{fp, lr}
 608              		.cfi_def_cfa_offset 8
 609              		.cfi_offset 11, -8
 610              		.cfi_offset 14, -4
 611 045c 04B08DE2 		add	fp, sp, #4
 612              		.cfi_def_cfa 11, 4
 118:/home/reds/Desktop/ARE/hps_acquis_nombre/soft/src/function.c ****     while (!FLG_WE){}
 613              		.loc 1 118 0
 614 0460 0000A0E1 		nop
 615              	.L53:
 616              		.loc 1 118 0 is_stmt 0 discriminator 1
 617 0464 A4309FE5 		ldr	r3, .L57
 618 0468 003093E5 		ldr	r3, [r3]
 619 046c 013003E2 		and	r3, r3, #1
 620 0470 000053E3 		cmp	r3, #0
 621 0474 FAFFFF0A 		beq	.L53
 119:/home/reds/Desktop/ARE/hps_acquis_nombre/soft/src/function.c ****     wr_max10_leds(0x0, SEL_00, true);
 622              		.loc 1 119 0 is_stmt 1
 623 0478 0120A0E3 		mov	r2, #1
 624 047c 0010A0E3 		mov	r1, #0
 625 0480 0000A0E3 		mov	r0, #0
 626 0484 FEFFFFEB 		bl	wr_max10_leds
 120:/home/reds/Desktop/ARE/hps_acquis_nombre/soft/src/function.c ****     while (!FLG_WE){}
 627              		.loc 1 120 0
 628 0488 0000A0E1 		nop
 629              	.L54:
 630              		.loc 1 120 0 is_stmt 0 discriminator 1
 631 048c 7C309FE5 		ldr	r3, .L57
 632 0490 003093E5 		ldr	r3, [r3]
 633 0494 013003E2 		and	r3, r3, #1
 634 0498 000053E3 		cmp	r3, #0
 635 049c FAFFFF0A 		beq	.L54
 121:/home/reds/Desktop/ARE/hps_acquis_nombre/soft/src/function.c ****     wr_max10_leds(0x0, SEL_01, true);
 636              		.loc 1 121 0 is_stmt 1
 637 04a0 0120A0E3 		mov	r2, #1
 638 04a4 0110A0E3 		mov	r1, #1
 639 04a8 0000A0E3 		mov	r0, #0
 640 04ac FEFFFFEB 		bl	wr_max10_leds
 122:/home/reds/Desktop/ARE/hps_acquis_nombre/soft/src/function.c ****     while (!FLG_WE){}
 641              		.loc 1 122 0
 642 04b0 0000A0E1 		nop
 643              	.L55:
 644              		.loc 1 122 0 is_stmt 0 discriminator 1
 645 04b4 54309FE5 		ldr	r3, .L57
 646 04b8 003093E5 		ldr	r3, [r3]
 647 04bc 013003E2 		and	r3, r3, #1
 648 04c0 000053E3 		cmp	r3, #0
 649 04c4 FAFFFF0A 		beq	.L55
 123:/home/reds/Desktop/ARE/hps_acquis_nombre/soft/src/function.c ****     wr_max10_leds(0x0, SEL_10, true);
 650              		.loc 1 123 0 is_stmt 1
 651 04c8 0120A0E3 		mov	r2, #1
 652 04cc 0210A0E3 		mov	r1, #2
 653 04d0 0000A0E3 		mov	r0, #0
 654 04d4 FEFFFFEB 		bl	wr_max10_leds
 124:/home/reds/Desktop/ARE/hps_acquis_nombre/soft/src/function.c ****     while (!FLG_WE){}
 655              		.loc 1 124 0
 656 04d8 0000A0E1 		nop
 657              	.L56:
 658              		.loc 1 124 0 is_stmt 0 discriminator 1
 659 04dc 2C309FE5 		ldr	r3, .L57
 660 04e0 003093E5 		ldr	r3, [r3]
 661 04e4 013003E2 		and	r3, r3, #1
 662 04e8 000053E3 		cmp	r3, #0
 663 04ec FAFFFF0A 		beq	.L56
 125:/home/reds/Desktop/ARE/hps_acquis_nombre/soft/src/function.c ****     wr_max10_leds(0x0, SEL_11, true);
 664              		.loc 1 125 0 is_stmt 1
 665 04f0 0120A0E3 		mov	r2, #1
 666 04f4 0310A0E3 		mov	r1, #3
 667 04f8 0000A0E3 		mov	r0, #0
 668 04fc FEFFFFEB 		bl	wr_max10_leds
 126:/home/reds/Desktop/ARE/hps_acquis_nombre/soft/src/function.c **** }
 669              		.loc 1 126 0
 670 0500 0000A0E1 		nop
 671 0504 04D04BE2 		sub	sp, fp, #4
 672              		.cfi_def_cfa 13, 8
 673              		@ sp needed
 674 0508 0048BDE8 		pop	{fp, lr}
 675              		.cfi_restore 14
 676              		.cfi_restore 11
 677              		.cfi_def_cfa_offset 0
 678 050c 1EFF2FE1 		bx	lr
 679              	.L58:
 680              		.align	2
 681              	.L57:
 682 0510 200021FF 		.word	-14614496
 683              		.cfi_endproc
 684              	.LFE24:
 686              		.bss
 687              	prev_key_0.5221:
 688 0004 00       		.space	1
 690              	prev_key_1.5222:
 691 0005 00       		.space	1
 693              	prev_key_2.5223:
 694 0006 00       		.space	1
 696              	prev_key_3.5224:
 697 0007 00       		.space	1
 699              		.text
 700              	.Letext0:
 701              		.file 2 "/opt/intelFPGA/18.1/University_Program/Monitor_Program/arm_tools/baremetal/arm-altera-eab
 702              		.file 3 "/opt/intelFPGA/18.1/University_Program/Monitor_Program/arm_tools/baremetal/arm-altera-eab
 703              		.file 4 "/opt/intelFPGA/18.1/University_Program/Monitor_Program/arm_tools/baremetal/lib/gcc/arm-al
 704              		.file 5 "/opt/intelFPGA/18.1/University_Program/Monitor_Program/arm_tools/baremetal/arm-altera-eab
 705              		.file 6 "/opt/intelFPGA/18.1/University_Program/Monitor_Program/arm_tools/baremetal/arm-altera-eab
 706              		.file 7 "/opt/intelFPGA/18.1/University_Program/Monitor_Program/arm_tools/baremetal/lib/gcc/arm-al
 707              		.file 8 "/opt/intelFPGA/18.1/University_Program/Monitor_Program/arm_tools/baremetal/arm-altera-eab
 708              		.file 9 "/home/reds/Desktop/ARE/hps_acquis_nombre/soft/src/function.h"
DEFINED SYMBOLS
                            *ABS*:00000000 function.c
     /tmp/ccM84I6v.s:16     .bss:00000000 $d
     /tmp/ccM84I6v.s:17     .bss:00000000 square_shift
     /tmp/ccM84I6v.s:21     .rodata:00000000 $d
     /tmp/ccM84I6v.s:25     .text:00000000 $a
     /tmp/ccM84I6v.s:31     .text:00000000 rd_key
     /tmp/ccM84I6v.s:84     .text:00000068 $d
     /tmp/ccM84I6v.s:94     .text:00000070 $a
     /tmp/ccM84I6v.s:100    .text:00000070 rising_edge
     /tmp/ccM84I6v.s:128    .text:000000a8 $d
     /tmp/ccM84I6v.s:134    .text:000000b8 $a
     /tmp/ccM84I6v.s:275    .text:0000021c $d
     /tmp/ccM84I6v.s:687    .bss:00000004 prev_key_0.5221
     /tmp/ccM84I6v.s:690    .bss:00000005 prev_key_1.5222
     /tmp/ccM84I6v.s:693    .bss:00000006 prev_key_2.5223
     /tmp/ccM84I6v.s:696    .bss:00000007 prev_key_3.5224
     /tmp/ccM84I6v.s:283    .text:00000230 $a
     /tmp/ccM84I6v.s:289    .text:00000230 rd_switch
     /tmp/ccM84I6v.s:321    .text:00000260 $d
     /tmp/ccM84I6v.s:325    .text:00000264 $a
     /tmp/ccM84I6v.s:331    .text:00000264 wr_leds_soc
     /tmp/ccM84I6v.s:367    .text:000002a4 $d
     /tmp/ccM84I6v.s:371    .text:000002a8 $a
     /tmp/ccM84I6v.s:377    .text:000002a8 rd_keys_0_1
     /tmp/ccM84I6v.s:407    .text:000002d0 $d
     /tmp/ccM84I6v.s:416    .text:000002d4 $a
     /tmp/ccM84I6v.s:422    .text:000002d4 wr_max10_leds
     /tmp/ccM84I6v.s:453    .text:00000318 $d
     /tmp/ccM84I6v.s:459    .text:00000328 $a
     /tmp/ccM84I6v.s:533    .text:000003e4 $d
     /tmp/ccM84I6v.s:543    .text:00000400 $a
     /tmp/ccM84I6v.s:549    .text:00000400 shift_square
     /tmp/ccM84I6v.s:589    .text:00000450 $d
     /tmp/ccM84I6v.s:594    .text:00000458 $a
     /tmp/ccM84I6v.s:600    .text:00000458 wr_max10_leds_off
     /tmp/ccM84I6v.s:682    .text:00000510 $d
                     .debug_frame:00000010 $d

UNDEFINED SYMBOLS
printf
puts
