   1              		.cpu arm7tdmi
   2              		.eabi_attribute 20, 1
   3              		.eabi_attribute 21, 1
   4              		.eabi_attribute 23, 3
   5              		.eabi_attribute 24, 1
   6              		.eabi_attribute 25, 1
   7              		.eabi_attribute 26, 1
   8              		.eabi_attribute 30, 6
   9              		.eabi_attribute 34, 0
  10              		.eabi_attribute 18, 4
  11              		.file	"hps_application.c"
  12              		.text
  13              	.Ltext0:
  14              		.cfi_sections	.debug_frame
  15              		.global	__auto_semihosting
  16              		.bss
  17              		.align	2
  20              	__auto_semihosting:
  21 0000 00000000 		.space	4
  22              		.section	.rodata
  23              		.align	2
  24              	.LC0:
  25 0000 4C61626F 		.ascii	"Laboratoire: Conception d'une interface \303\251vol"
  25      7261746F 
  25      6972653A 
  25      20436F6E 
  25      63657074 
  26 002d 75C3A965 		.ascii	"u\303\251e \000"
  26      2000
  27 0033 00       		.align	2
  28              	.LC1:
  29 0034 426F6172 		.ascii	"Board ID = 0x%08X\012\000"
  29      64204944 
  29      203D2030 
  29      78253038 
  29      580A00
  30 0047 00       		.align	2
  31              	.LC2:
  32 0048 42617365 		.ascii	"Base : 0x%08X\012\000"
  32      203A2030 
  32      78253038 
  32      580A00
  33 0057 00       		.align	2
  34              	.LC3:
  35 0058 42617365 		.ascii	"Base2 : 0x%08X\012\000"
  35      32203A20 
  35      30782530 
  35      38580A00 
  36              		.text
  37              		.align	2
  38              		.global	main
  39              		.syntax unified
  40              		.arm
  41              		.fpu softvfp
  43              	main:
  44              	.LFB17:
  45              		.file 1 "/home/reds/Desktop/ARE/hps_acquis_nombre/soft/src/hps_application.c"
   1:/home/reds/Desktop/ARE/hps_acquis_nombre/soft/src/hps_application.c **** /*****************************************************************************************
   2:/home/reds/Desktop/ARE/hps_acquis_nombre/soft/src/hps_application.c ****  * HEIG-VD
   3:/home/reds/Desktop/ARE/hps_acquis_nombre/soft/src/hps_application.c ****  * Haute Ecole d'Ingenerie et de Gestion du Canton de Vaud
   4:/home/reds/Desktop/ARE/hps_acquis_nombre/soft/src/hps_application.c ****  * School of Business and Engineering in Canton de Vaud
   5:/home/reds/Desktop/ARE/hps_acquis_nombre/soft/src/hps_application.c ****  *****************************************************************************************
   6:/home/reds/Desktop/ARE/hps_acquis_nombre/soft/src/hps_application.c ****  * REDS Institute
   7:/home/reds/Desktop/ARE/hps_acquis_nombre/soft/src/hps_application.c ****  * Reconfigurable Embedded Digital Systems
   8:/home/reds/Desktop/ARE/hps_acquis_nombre/soft/src/hps_application.c ****  *****************************************************************************************
   9:/home/reds/Desktop/ARE/hps_acquis_nombre/soft/src/hps_application.c ****  *
  10:/home/reds/Desktop/ARE/hps_acquis_nombre/soft/src/hps_application.c ****  * File                 : hps_application.c
  11:/home/reds/Desktop/ARE/hps_acquis_nombre/soft/src/hps_application.c ****  * Author               : 
  12:/home/reds/Desktop/ARE/hps_acquis_nombre/soft/src/hps_application.c ****  * Date                 : 
  13:/home/reds/Desktop/ARE/hps_acquis_nombre/soft/src/hps_application.c ****  *
  14:/home/reds/Desktop/ARE/hps_acquis_nombre/soft/src/hps_application.c ****  * Context              : ARE lab
  15:/home/reds/Desktop/ARE/hps_acquis_nombre/soft/src/hps_application.c ****  *
  16:/home/reds/Desktop/ARE/hps_acquis_nombre/soft/src/hps_application.c ****  *****************************************************************************************
  17:/home/reds/Desktop/ARE/hps_acquis_nombre/soft/src/hps_application.c ****  * Brief: Conception d'une interface évoluée sur le bus Avalon avec la carte DE1-SoC
  18:/home/reds/Desktop/ARE/hps_acquis_nombre/soft/src/hps_application.c ****  *
  19:/home/reds/Desktop/ARE/hps_acquis_nombre/soft/src/hps_application.c ****  *****************************************************************************************
  20:/home/reds/Desktop/ARE/hps_acquis_nombre/soft/src/hps_application.c ****  * Modifications :
  21:/home/reds/Desktop/ARE/hps_acquis_nombre/soft/src/hps_application.c ****  * Ver    Date        Student      Comments
  22:/home/reds/Desktop/ARE/hps_acquis_nombre/soft/src/hps_application.c ****  * 
  23:/home/reds/Desktop/ARE/hps_acquis_nombre/soft/src/hps_application.c ****  *
  24:/home/reds/Desktop/ARE/hps_acquis_nombre/soft/src/hps_application.c **** *****************************************************************************************/
  25:/home/reds/Desktop/ARE/hps_acquis_nombre/soft/src/hps_application.c **** #include <stdint.h>
  26:/home/reds/Desktop/ARE/hps_acquis_nombre/soft/src/hps_application.c **** #include <stdbool.h>
  27:/home/reds/Desktop/ARE/hps_acquis_nombre/soft/src/hps_application.c **** #include <stdio.h>
  28:/home/reds/Desktop/ARE/hps_acquis_nombre/soft/src/hps_application.c **** #include "axi_lw.h"
  29:/home/reds/Desktop/ARE/hps_acquis_nombre/soft/src/hps_application.c **** 
  30:/home/reds/Desktop/ARE/hps_acquis_nombre/soft/src/hps_application.c **** int __auto_semihosting;
  31:/home/reds/Desktop/ARE/hps_acquis_nombre/soft/src/hps_application.c **** 
  32:/home/reds/Desktop/ARE/hps_acquis_nombre/soft/src/hps_application.c **** 
  33:/home/reds/Desktop/ARE/hps_acquis_nombre/soft/src/hps_application.c **** int main(void){
  46              		.loc 1 33 0
  47              		.cfi_startproc
  48              		@ Function supports interworking.
  49              		@ args = 0, pretend = 0, frame = 16
  50              		@ frame_needed = 1, uses_anonymous_args = 0
  51 0000 00482DE9 		push	{fp, lr}
  52              		.cfi_def_cfa_offset 8
  53              		.cfi_offset 11, -8
  54              		.cfi_offset 14, -4
  55 0004 04B08DE2 		add	fp, sp, #4
  56              		.cfi_def_cfa 11, 4
  57 0008 10D04DE2 		sub	sp, sp, #16
  34:/home/reds/Desktop/ARE/hps_acquis_nombre/soft/src/hps_application.c ****     
  35:/home/reds/Desktop/ARE/hps_acquis_nombre/soft/src/hps_application.c ****     printf("Laboratoire: Conception d'une interface évoluée \n");
  58              		.loc 1 35 0
  59 000c 5C009FE5 		ldr	r0, .L3
  60 0010 FEFFFFEB 		bl	puts
  36:/home/reds/Desktop/ARE/hps_acquis_nombre/soft/src/hps_application.c ****     
  37:/home/reds/Desktop/ARE/hps_acquis_nombre/soft/src/hps_application.c ****     // TO BE COMPLETE
  38:/home/reds/Desktop/ARE/hps_acquis_nombre/soft/src/hps_application.c ****     uint32_t board_id = AXI_LW_REG(0x0);
  61              		.loc 1 38 0
  62 0014 58309FE5 		ldr	r3, .L3+4
  63 0018 003093E5 		ldr	r3, [r3]
  64 001c 08300BE5 		str	r3, [fp, #-8]
  39:/home/reds/Desktop/ARE/hps_acquis_nombre/soft/src/hps_application.c ****     printf("Board ID = 0x%08X\n", (unsigned int) board_id);
  65              		.loc 1 39 0
  66 0020 08101BE5 		ldr	r1, [fp, #-8]
  67 0024 4C009FE5 		ldr	r0, .L3+8
  68 0028 FEFFFFEB 		bl	printf
  40:/home/reds/Desktop/ARE/hps_acquis_nombre/soft/src/hps_application.c **** 
  41:/home/reds/Desktop/ARE/hps_acquis_nombre/soft/src/hps_application.c ****     uint32_t base = AXI_LW_REG(0x10000);
  69              		.loc 1 41 0
  70 002c 48309FE5 		ldr	r3, .L3+12
  71 0030 003093E5 		ldr	r3, [r3]
  72 0034 0C300BE5 		str	r3, [fp, #-12]
  42:/home/reds/Desktop/ARE/hps_acquis_nombre/soft/src/hps_application.c ****     printf("Base : 0x%08X\n", (unsigned int) base);
  73              		.loc 1 42 0
  74 0038 0C101BE5 		ldr	r1, [fp, #-12]
  75 003c 3C009FE5 		ldr	r0, .L3+16
  76 0040 FEFFFFEB 		bl	printf
  43:/home/reds/Desktop/ARE/hps_acquis_nombre/soft/src/hps_application.c **** 
  44:/home/reds/Desktop/ARE/hps_acquis_nombre/soft/src/hps_application.c **** 
  45:/home/reds/Desktop/ARE/hps_acquis_nombre/soft/src/hps_application.c ****     uint32_t base2 = AXI_LW_REG(0x10004);
  77              		.loc 1 45 0
  78 0044 38309FE5 		ldr	r3, .L3+20
  79 0048 003093E5 		ldr	r3, [r3]
  80 004c 10300BE5 		str	r3, [fp, #-16]
  46:/home/reds/Desktop/ARE/hps_acquis_nombre/soft/src/hps_application.c ****     printf("Base2 : 0x%08X\n", (unsigned int) base2);
  81              		.loc 1 46 0
  82 0050 10101BE5 		ldr	r1, [fp, #-16]
  83 0054 2C009FE5 		ldr	r0, .L3+24
  84 0058 FEFFFFEB 		bl	printf
  47:/home/reds/Desktop/ARE/hps_acquis_nombre/soft/src/hps_application.c **** 
  48:/home/reds/Desktop/ARE/hps_acquis_nombre/soft/src/hps_application.c ****     return 0;
  85              		.loc 1 48 0
  86 005c 0030A0E3 		mov	r3, #0
  49:/home/reds/Desktop/ARE/hps_acquis_nombre/soft/src/hps_application.c **** }
  87              		.loc 1 49 0
  88 0060 0300A0E1 		mov	r0, r3
  89 0064 04D04BE2 		sub	sp, fp, #4
  90              		.cfi_def_cfa 13, 8
  91              		@ sp needed
  92 0068 0048BDE8 		pop	{fp, lr}
  93              		.cfi_restore 14
  94              		.cfi_restore 11
  95              		.cfi_def_cfa_offset 0
  96 006c 1EFF2FE1 		bx	lr
  97              	.L4:
  98              		.align	2
  99              	.L3:
 100 0070 00000000 		.word	.LC0
 101 0074 000020FF 		.word	-14680064
 102 0078 34000000 		.word	.LC1
 103 007c 000021FF 		.word	-14614528
 104 0080 48000000 		.word	.LC2
 105 0084 040021FF 		.word	-14614524
 106 0088 58000000 		.word	.LC3
 107              		.cfi_endproc
 108              	.LFE17:
 110              	.Letext0:
 111              		.file 2 "/opt/intelFPGA/18.1/University_Program/Monitor_Program/arm_tools/baremetal/arm-altera-eab
 112              		.file 3 "/opt/intelFPGA/18.1/University_Program/Monitor_Program/arm_tools/baremetal/arm-altera-eab
 113              		.file 4 "/opt/intelFPGA/18.1/University_Program/Monitor_Program/arm_tools/baremetal/lib/gcc/arm-al
 114              		.file 5 "/opt/intelFPGA/18.1/University_Program/Monitor_Program/arm_tools/baremetal/arm-altera-eab
 115              		.file 6 "/opt/intelFPGA/18.1/University_Program/Monitor_Program/arm_tools/baremetal/arm-altera-eab
 116              		.file 7 "/opt/intelFPGA/18.1/University_Program/Monitor_Program/arm_tools/baremetal/lib/gcc/arm-al
 117              		.file 8 "/opt/intelFPGA/18.1/University_Program/Monitor_Program/arm_tools/baremetal/arm-altera-eab
DEFINED SYMBOLS
                            *ABS*:00000000 hps_application.c
     /tmp/ccy2RjzW.s:20     .bss:00000000 __auto_semihosting
     /tmp/ccy2RjzW.s:17     .bss:00000000 $d
     /tmp/ccy2RjzW.s:23     .rodata:00000000 $d
     /tmp/ccy2RjzW.s:37     .text:00000000 $a
     /tmp/ccy2RjzW.s:43     .text:00000000 main
     /tmp/ccy2RjzW.s:100    .text:00000070 $d
                     .debug_frame:00000010 $d

UNDEFINED SYMBOLS
puts
printf
